using System;
using System.Collections.Generic;
using System.Text;

namespace DockerUpgrader.Tests.Files
{
    class MyClass
    {
        var text = "sdk:3.1.101-alpine3.11";
    }
}
